../Core/Src/app_backend.c:61:17:ADC_GetAverage	16	static
../Core/Src/app_backend.c:72:13:Button_Process	24	static
../Core/Src/app_backend.c:120:19:GasLevel_Classify	16	static
../Core/Src/app_backend.c:139:13:Sensor_Process	40	static
../Core/Src/app_backend.c:172:13:Led_Process	16	static
../Core/Src/app_backend.c:241:13:RTC_Process	176	static
../Core/Src/app_backend.c:342:20:GasLevel_ToString	16	static
../Core/Src/app_backend.c:360:13:UART_Process	104	static
../Core/Src/app_backend.c:396:13:Rfid_IsAdminUid	16	static
../Core/Src/app_backend.c:417:13:Rfid_Process	32	static
../Core/Src/app_backend.c:465:6:AppBackend_Init	8	static
../Core/Src/app_backend.c:523:6:AppBackend_Tick	56	static
../Core/Src/app_backend.c:582:6:AppBackend_GetSnapshot	24	static
../Core/Src/app_backend.c:589:14:AppBackend_GetAndClearUiEvent	16	static
../Core/Src/app_backend.c:597:6:AppBackend_SetThresholds	16	static
../Core/Src/app_backend.c:625:6:AppBackend_SetSettingsVisible	16	static
