../Core/Src/ds1307.c:10:16:BCD_ToDecimal	16	static
../Core/Src/ds1307.c:16:16:Decimal_ToBCD	16	static
../Core/Src/ds1307.c:23:13:BCD_IsValid	16	static
../Core/Src/ds1307.c:28:13:Time_IsValid	16	static
../Core/Src/ds1307.c:40:13:RawTime_IsValid	24	static
../Core/Src/ds1307.c:68:6:DS1307_IsReady	8	static
../Core/Src/ds1307.c:76:6:DS1307_ReadTime	192	static
../Core/Src/ds1307.c:158:6:DS1307_SetTime	40	static
../Core/Src/ds1307.c:181:6:DS1307_ApplyTimePresetOnce	56	static
../Core/Src/ds1307.c:236:6:DS1307_InitializeIfNeeded	40	static
