../Core/Src/main.c:89:5:main	1
../Core/Src/main.c:146:6:SystemClock_Config	4
../Core/Src/main.c:202:13:MX_ADC1_Init	3
../Core/Src/main.c:253:13:MX_CRC_Init	2
../Core/Src/main.c:278:13:MX_DMA2D_Init	3
../Core/Src/main.c:314:13:MX_I2C3_Init	4
../Core/Src/main.c:361:13:MX_LTDC_Init	3
../Core/Src/main.c:422:13:MX_SPI4_Init	2
../Core/Src/main.c:459:13:MX_USART1_UART_Init	2
../Core/Src/main.c:489:13:MX_DMA_Init	1
../Core/Src/main.c:509:13:MX_GPIO_Init	1
../Core/Src/main.c:576:6:HAL_TIM_PeriodElapsedCallback	2
../Core/Src/main.c:594:6:Error_Handler	1
