../Core/Src/main.c:90:5:main	2
../Core/Src/main.c:169:6:SystemClock_Config	4
../Core/Src/main.c:225:13:MX_ADC1_Init	3
../Core/Src/main.c:276:13:MX_CRC_Init	2
../Core/Src/main.c:301:13:MX_DMA2D_Init	3
../Core/Src/main.c:337:13:MX_I2C3_Init	4
../Core/Src/main.c:384:13:MX_LTDC_Init	3
../Core/Src/main.c:445:13:MX_SPI4_Init	2
../Core/Src/main.c:482:13:MX_USART1_UART_Init	2
../Core/Src/main.c:512:13:MX_DMA_Init	1
../Core/Src/main.c:532:13:MX_GPIO_Init	1
../Core/Src/main.c:599:6:HAL_TIM_PeriodElapsedCallback	2
../Core/Src/main.c:617:6:Error_Handler	1
